// Jest Snapshot v1, https://goo.gl/fbAQLP

exports[`* renders * 1`] = `
<DocumentFragment>
  <div
    class="pa2"
  >
    <input
      class="pa3 ba b--green bg-lightest-blue"
      data-testid="input"
      placeholder="search your chicken"
      type="search"
    />
  </div>
</DocumentFragment>
`;
